mode: set
github.com/gabbla05/KittyProtocol/hub/bootstrap.go:18.16,22.41 2 0
github.com/gabbla05/KittyProtocol/hub/bootstrap.go:22.41,24.3 1 0
github.com/gabbla05/KittyProtocol/hub/bootstrap.go:29.50,33.12 3 0
github.com/gabbla05/KittyProtocol/hub/bootstrap.go:33.12,44.3 5 0
github.com/gabbla05/KittyProtocol/hub/context.go:43.35,45.22 1 1
github.com/gabbla05/KittyProtocol/hub/context.go:45.22,49.33 3 1
github.com/gabbla05/KittyProtocol/hub/context.go:49.33,51.4 1 1
github.com/gabbla05/KittyProtocol/hub/context.go:53.3,53.18 1 1
github.com/gabbla05/KittyProtocol/hub/context.go:57.2,57.24 1 1
github.com/gabbla05/KittyProtocol/hub/context.go:57.24,60.3 2 0
github.com/gabbla05/KittyProtocol/hub/context.go:65.33,66.22 1 1
github.com/gabbla05/KittyProtocol/hub/context.go:66.22,68.3 1 1
github.com/gabbla05/KittyProtocol/hub/dispatcher.go:19.36,22.16 2 1
github.com/gabbla05/KittyProtocol/hub/dispatcher.go:22.16,25.3 2 0
github.com/gabbla05/KittyProtocol/hub/dispatcher.go:26.2,39.6 6 1
github.com/gabbla05/KittyProtocol/hub/dispatcher.go:39.6,41.17 2 1
github.com/gabbla05/KittyProtocol/hub/dispatcher.go:41.17,50.57 2 1
github.com/gabbla05/KittyProtocol/hub/dispatcher.go:50.57,54.5 2 1
github.com/gabbla05/KittyProtocol/hub/dispatcher.go:57.4,58.10 2 0
github.com/gabbla05/KittyProtocol/hub/dispatcher.go:61.3,65.32 3 1
github.com/gabbla05/KittyProtocol/hub/dispatcher.go:65.32,69.41 3 1
github.com/gabbla05/KittyProtocol/hub/dispatcher.go:69.41,72.5 2 0
github.com/gabbla05/KittyProtocol/hub/dispatcher.go:73.4,73.12 1 1
github.com/gabbla05/KittyProtocol/hub/dispatcher.go:76.3,79.19 2 1
github.com/gabbla05/KittyProtocol/hub/dispatcher.go:80.32,81.24 1 1
github.com/gabbla05/KittyProtocol/hub/dispatcher.go:82.31,83.23 1 1
github.com/gabbla05/KittyProtocol/hub/dispatcher.go:84.35,85.27 1 0
github.com/gabbla05/KittyProtocol/hub/dispatcher.go:86.31,87.23 1 0
github.com/gabbla05/KittyProtocol/hub/dispatcher.go:88.31,89.23 1 1
github.com/gabbla05/KittyProtocol/hub/dispatcher.go:90.36,91.28 1 0
github.com/gabbla05/KittyProtocol/hub/dispatcher.go:92.30,94.10 2 0
github.com/gabbla05/KittyProtocol/hub/dispatcher.go:95.11,96.68 1 0
github.com/gabbla05/KittyProtocol/hub/errors.go:18.61,29.16 3 1
github.com/gabbla05/KittyProtocol/hub/errors.go:29.16,32.3 2 0
github.com/gabbla05/KittyProtocol/hub/errors.go:34.2,34.43 1 1
github.com/gabbla05/KittyProtocol/hub/errors.go:34.43,36.3 1 0
github.com/gabbla05/KittyProtocol/hub/fake_stream.go:10.51,13.2 2 1
github.com/gabbla05/KittyProtocol/hub/fake_stream.go:15.50,15.70 1 0
github.com/gabbla05/KittyProtocol/hub/fake_stream.go:16.50,16.64 1 0
github.com/gabbla05/KittyProtocol/hub/handler_auth.go:17.48,18.35 1 1
github.com/gabbla05/KittyProtocol/hub/handler_auth.go:18.35,21.3 2 1
github.com/gabbla05/KittyProtocol/hub/handler_auth.go:23.2,24.16 2 1
github.com/gabbla05/KittyProtocol/hub/handler_auth.go:24.16,27.3 2 0
github.com/gabbla05/KittyProtocol/hub/handler_auth.go:30.2,30.24 1 1
github.com/gabbla05/KittyProtocol/hub/handler_auth.go:30.24,33.3 2 1
github.com/gabbla05/KittyProtocol/hub/handler_auth.go:36.2,36.58 1 1
github.com/gabbla05/KittyProtocol/hub/handler_auth.go:36.58,39.3 2 1
github.com/gabbla05/KittyProtocol/hub/handler_auth.go:42.2,42.41 1 1
github.com/gabbla05/KittyProtocol/hub/handler_auth.go:42.41,45.3 2 0
github.com/gabbla05/KittyProtocol/hub/handler_auth.go:48.2,65.16 8 1
github.com/gabbla05/KittyProtocol/hub/handler_auth.go:65.16,68.3 2 0
github.com/gabbla05/KittyProtocol/hub/handler_auth.go:70.2,70.45 1 1
github.com/gabbla05/KittyProtocol/hub/handler_auth.go:70.45,72.3 1 0
github.com/gabbla05/KittyProtocol/hub/handler_bye.go:10.47,11.35 1 1
github.com/gabbla05/KittyProtocol/hub/handler_bye.go:11.35,14.3 2 0
github.com/gabbla05/KittyProtocol/hub/handler_bye.go:16.2,16.55 1 1
github.com/gabbla05/KittyProtocol/hub/handler_bye.go:16.55,19.3 2 0
github.com/gabbla05/KittyProtocol/hub/handler_bye.go:21.2,25.52 3 1
github.com/gabbla05/KittyProtocol/hub/handler_bye.go:25.52,27.3 1 0
github.com/gabbla05/KittyProtocol/hub/handler_bye.go:29.2,30.21 2 1
github.com/gabbla05/KittyProtocol/hub/handler_data.go:13.39,15.2 1 1
github.com/gabbla05/KittyProtocol/hub/handler_data.go:17.48,18.35 1 1
github.com/gabbla05/KittyProtocol/hub/handler_data.go:18.35,21.3 2 1
github.com/gabbla05/KittyProtocol/hub/handler_data.go:23.2,24.16 2 1
github.com/gabbla05/KittyProtocol/hub/handler_data.go:24.16,27.3 2 0
github.com/gabbla05/KittyProtocol/hub/handler_data.go:30.2,33.22 2 1
github.com/gabbla05/KittyProtocol/hub/handler_data.go:33.22,36.3 2 0
github.com/gabbla05/KittyProtocol/hub/handler_data.go:39.2,39.32 1 1
github.com/gabbla05/KittyProtocol/hub/handler_data.go:39.32,42.3 2 0
github.com/gabbla05/KittyProtocol/hub/handler_data.go:45.2,45.48 1 1
github.com/gabbla05/KittyProtocol/hub/handler_data.go:45.48,48.3 2 1
github.com/gabbla05/KittyProtocol/hub/handler_data.go:51.2,54.45 2 1
github.com/gabbla05/KittyProtocol/hub/handler_data.go:54.45,56.3 1 1
github.com/gabbla05/KittyProtocol/hub/handler_data.go:59.2,68.16 3 1
github.com/gabbla05/KittyProtocol/hub/handler_data.go:68.16,71.3 2 0
github.com/gabbla05/KittyProtocol/hub/handler_data.go:73.2,73.45 1 1
github.com/gabbla05/KittyProtocol/hub/handler_data.go:73.45,75.3 1 0
github.com/gabbla05/KittyProtocol/hub/handler_hello.go:13.49,14.26 1 1
github.com/gabbla05/KittyProtocol/hub/handler_hello.go:14.26,17.3 2 1
github.com/gabbla05/KittyProtocol/hub/handler_hello.go:19.2,20.16 2 1
github.com/gabbla05/KittyProtocol/hub/handler_hello.go:20.16,23.3 2 1
github.com/gabbla05/KittyProtocol/hub/handler_hello.go:25.2,39.16 5 1
github.com/gabbla05/KittyProtocol/hub/handler_hello.go:39.16,42.3 2 0
github.com/gabbla05/KittyProtocol/hub/handler_hello.go:44.2,44.45 1 1
github.com/gabbla05/KittyProtocol/hub/handler_hello.go:44.45,46.3 1 0
github.com/gabbla05/KittyProtocol/hub/handler_hello.go:49.2,49.49 1 1
github.com/gabbla05/KittyProtocol/hub/handler_hello.go:49.49,52.3 2 0
github.com/gabbla05/KittyProtocol/hub/handler_ping.go:10.48,11.35 1 1
github.com/gabbla05/KittyProtocol/hub/handler_ping.go:11.35,14.3 2 0
github.com/gabbla05/KittyProtocol/hub/handler_ping.go:16.2,16.56 1 1
github.com/gabbla05/KittyProtocol/hub/handler_ping.go:16.56,19.3 2 0
github.com/gabbla05/KittyProtocol/hub/handler_ping.go:21.2,21.11 1 1
github.com/gabbla05/KittyProtocol/hub/handler_register.go:13.52,14.35 1 1
github.com/gabbla05/KittyProtocol/hub/handler_register.go:14.35,17.3 2 0
github.com/gabbla05/KittyProtocol/hub/handler_register.go:19.2,20.16 2 1
github.com/gabbla05/KittyProtocol/hub/handler_register.go:20.16,23.3 2 0
github.com/gabbla05/KittyProtocol/hub/handler_register.go:25.2,25.68 1 1
github.com/gabbla05/KittyProtocol/hub/handler_register.go:25.68,28.3 2 1
github.com/gabbla05/KittyProtocol/hub/handler_register.go:30.2,41.16 4 0
github.com/gabbla05/KittyProtocol/hub/handler_register.go:41.16,44.3 2 0
github.com/gabbla05/KittyProtocol/hub/handler_register.go:46.2,46.45 1 0
github.com/gabbla05/KittyProtocol/hub/handler_register.go:46.45,48.3 1 0
github.com/gabbla05/KittyProtocol/hub/handler_status.go:13.53,14.35 1 1
github.com/gabbla05/KittyProtocol/hub/handler_status.go:14.35,17.3 2 0
github.com/gabbla05/KittyProtocol/hub/handler_status.go:19.2,20.16 2 1
github.com/gabbla05/KittyProtocol/hub/handler_status.go:20.16,23.3 2 0
github.com/gabbla05/KittyProtocol/hub/handler_status.go:25.2,28.37 3 1
github.com/gabbla05/KittyProtocol/hub/handler_status.go:28.37,30.3 1 1
github.com/gabbla05/KittyProtocol/hub/handler_status.go:32.2,42.16 3 1
github.com/gabbla05/KittyProtocol/hub/handler_status.go:42.16,45.3 2 0
github.com/gabbla05/KittyProtocol/hub/handler_status.go:47.2,47.45 1 1
github.com/gabbla05/KittyProtocol/hub/handler_status.go:47.45,49.3 1 0
github.com/gabbla05/KittyProtocol/hub/logger.go:21.42,25.19 3 1
github.com/gabbla05/KittyProtocol/hub/logger.go:25.19,26.16 1 1
github.com/gabbla05/KittyProtocol/hub/logger.go:27.15,28.21 1 1
github.com/gabbla05/KittyProtocol/hub/logger.go:29.15,30.23 1 0
github.com/gabbla05/KittyProtocol/hub/logger.go:31.16,32.20 1 0
github.com/gabbla05/KittyProtocol/hub/logger.go:33.11,34.22 1 0
github.com/gabbla05/KittyProtocol/hub/logger.go:39.2,39.20 1 1
github.com/gabbla05/KittyProtocol/hub/logger.go:39.20,43.3 2 0
github.com/gabbla05/KittyProtocol/hub/logger.go:46.2,47.66 1 1
github.com/gabbla05/KittyProtocol/hub/logger.go:50.40,50.69 1 1
github.com/gabbla05/KittyProtocol/hub/logger.go:51.40,51.69 1 0
github.com/gabbla05/KittyProtocol/hub/logger.go:52.40,52.70 1 0
github.com/gabbla05/KittyProtocol/hub/router.go:17.107,20.9 2 1
github.com/gabbla05/KittyProtocol/hub/router.go:20.9,24.3 2 1
github.com/gabbla05/KittyProtocol/hub/router.go:26.2,26.30 1 1
github.com/gabbla05/KittyProtocol/hub/router.go:26.30,30.3 2 1
github.com/gabbla05/KittyProtocol/hub/router.go:33.2,50.16 6 1
github.com/gabbla05/KittyProtocol/hub/router.go:50.16,54.3 3 0
github.com/gabbla05/KittyProtocol/hub/router.go:56.2,56.55 1 1
github.com/gabbla05/KittyProtocol/hub/router.go:56.55,60.3 3 0
github.com/gabbla05/KittyProtocol/hub/router.go:62.2,62.13 1 1
github.com/gabbla05/KittyProtocol/hub/start.go:30.14,35.16 3 0
github.com/gabbla05/KittyProtocol/hub/start.go:35.16,38.3 2 0
github.com/gabbla05/KittyProtocol/hub/start.go:41.2,42.15 2 0
github.com/gabbla05/KittyProtocol/hub/start.go:42.15,44.3 1 0
github.com/gabbla05/KittyProtocol/hub/start.go:46.2,47.16 2 0
github.com/gabbla05/KittyProtocol/hub/start.go:47.16,50.3 2 0
github.com/gabbla05/KittyProtocol/hub/start.go:51.2,66.16 6 0
github.com/gabbla05/KittyProtocol/hub/start.go:66.16,68.3 1 0
github.com/gabbla05/KittyProtocol/hub/start.go:71.2,72.16 2 0
github.com/gabbla05/KittyProtocol/hub/start.go:72.16,75.3 2 0
github.com/gabbla05/KittyProtocol/hub/start.go:77.2,83.6 3 0
github.com/gabbla05/KittyProtocol/hub/start.go:83.6,85.17 2 0
github.com/gabbla05/KittyProtocol/hub/start.go:85.17,88.4 2 0
github.com/gabbla05/KittyProtocol/hub/start.go:91.3,91.24 1 0
github.com/gabbla05/KittyProtocol/hub/start_test-hub.go:19.59,21.54 1 1
github.com/gabbla05/KittyProtocol/hub/start_test-hub.go:21.54,23.3 1 0
github.com/gabbla05/KittyProtocol/hub/start_test-hub.go:25.2,26.16 2 1
github.com/gabbla05/KittyProtocol/hub/start_test-hub.go:26.16,28.3 1 0
github.com/gabbla05/KittyProtocol/hub/start_test-hub.go:31.2,31.27 1 1
github.com/gabbla05/KittyProtocol/hub/start_test-hub.go:31.27,33.3 1 0
github.com/gabbla05/KittyProtocol/hub/start_test-hub.go:35.2,45.16 5 1
github.com/gabbla05/KittyProtocol/hub/start_test-hub.go:45.16,47.3 1 0
github.com/gabbla05/KittyProtocol/hub/start_test-hub.go:49.2,52.12 2 1
github.com/gabbla05/KittyProtocol/hub/start_test-hub.go:52.12,53.7 1 1
github.com/gabbla05/KittyProtocol/hub/start_test-hub.go:53.7,55.18 2 1
github.com/gabbla05/KittyProtocol/hub/start_test-hub.go:55.18,57.5 1 1
github.com/gabbla05/KittyProtocol/hub/start_test-hub.go:58.4,58.25 1 1
github.com/gabbla05/KittyProtocol/hub/start_test-hub.go:62.2,62.16 1 1
github.com/gabbla05/KittyProtocol/hub/start_test-hub.go:62.16,66.3 2 1
github.com/gabbla05/KittyProtocol/hub/start_test-hub.go:68.2,68.44 1 1
github.com/gabbla05/KittyProtocol/hub/stream_adapter.go:12.58,12.81 1 0
github.com/gabbla05/KittyProtocol/hub/stream_adapter.go:13.58,13.80 1 0
github.com/gabbla05/KittyProtocol/hub/stream_adapter.go:14.58,14.80 1 0
